components/VirtualTrading/PortfolioSummary.tsx(133,54): error TS7006: Parameter 'holding' implicitly has an 'any' type.
lib/actions/portfolio.actions.ts(251,14): error TS2339: Property 'profitLoss' does not exist on type '{ invested: number; currentValue: number; }'.
lib/actions/portfolio.actions.ts(252,14): error TS2339: Property 'profitLossPercent' does not exist on type '{ invested: number; currentValue: number; }'.
lib/actions/portfolio.actions.ts(252,68): error TS2339: Property 'profitLoss' does not exist on type '{ invested: number; currentValue: number; }'.
lib/actions/portfolio.actions.ts(258,14): error TS2339: Property 'profitLoss' does not exist on type '{ invested: number; currentValue: number; }'.
lib/actions/portfolio.actions.ts(259,14): error TS2339: Property 'profitLossPercent' does not exist on type '{ invested: number; currentValue: number; }'.
lib/actions/portfolio.actions.ts(259,68): error TS2339: Property 'profitLoss' does not exist on type '{ invested: number; currentValue: number; }'.
lib/inngest/functions.ts(62,42): error TS2304: Cannot find name 'UserForNewsEmail'.
lib/inngest/functions.ts(63,41): error TS2304: Cannot find name 'UserForNewsEmail'.
lib/inngest/functions.ts(84,42): error TS2304: Cannot find name 'UserForNewsEmail'.
lib/inngest/functions.ts(90,72): error TS18046: 'user' is of type 'unknown'.
lib/inngest/functions.ts(102,66): error TS18046: 'user' is of type 'unknown'.
